// Vitest Snapshot v1, https://vitest.dev/guide/snapshot.html

exports[`handle error > github repo path error 1`] = `"Github error: Not supported website."`;

exports[`handle error > twitter path error 1`] = `"Twitter error: Not supported website."`;

exports[`handle error > website domain error 1`] = `"StarNexus error: Not supported website."`;
